// Jest Snapshot v1, https://goo.gl/fbAQLP

exports[`Testing Snapshot Pages should render card movie and search bar 1`] = `"<div class=\\"ui-container\\"><div class=\\"detail\\"><div class=\\"heading\\"><div class=\\"ui-container\\"><a href=\\"#/\\"><span class=\\"material-icons\\">arrow_back_ios</span><p class=\\"text heading\\" style=\\"font-weight: 400;\\">Kembali</p></a></div></div><img src=\\"https://m.media-amazon.com/images/M/MV5BNmY4ZDZjY2UtOWFiYy00MjhjLThmMjctOTQ2NjYxZGRjYmNlL2ltYWdlL2ltYWdlXkEyXkFqcGdeQXVyNTAyODkwOQ@@._V1_SX300.jpg\\" alt=\\"Batman: Under the Red Hood\\"><table><tbody><tr><td>Title</td><td>Batman: Under the Red Hood</td></tr><tr><td>Genre</td><td>Animation, Action, Crime, Drama, Sci-Fi, Thriller</td></tr><tr><td>IMDB ID</td><td>tt1569923</td></tr><tr><td>Figure</td><td><ul class=\\"actors\\"><li><div>Actors</div><div>Bruce Greenwood, Jensen Ackles, John DiMaggio, Neil Patrick Harris</div></li><li><div>Directors</div><div>Brandon Vietti</div></li><li><div>Writters</div><div>Judd Winick, Bob Kane (Batman created by)</div></li></ul></td></tr><tr><td>Plot</td><td>There's a mystery afoot in Gotham City, and Batman must go toe-to-toe with a mysterious vigilante, who goes by the name of Red Hood. Subsequently, old wounds reopen and old, once buried memories come into the light.</td></tr><tr><td>Production</td><td>WARNER BROTHERS PICTURES</td></tr><tr><td>Released</td><td>27 Jul 2010</td></tr><tr><td>Runtime</td><td>75 min</td></tr><tr><td>Type</td><td>movie</td></tr><tr><td>Rated</td><td>PG-13</td></tr><tr><td>Rating</td><td><ul><li><div>Internet Movie Database</div><div>8.1/10</div></li><li><div>Rotten Tomatoes</div><div>100%</div></li></ul></td></tr></tbody></table></div></div>"`;
